=== 已加载场景壳: security_ir（换壳零改动基座）===
[靶场] 注入攻击=lateral_movement，动态生成 3 条告警

--- 阶段 1: leader (dispatch) ---
  产出: {}

--- 阶段 2: triage (triage) ---
  产出: {"symptoms": ["auth_failure_surge"]}

--- 阶段 3: hunter (forensic) ---
  产出: {"symptoms": ["auth_failure_surge"]}

--- 阶段 4: correlator (correlate) ---
  产出: {"symptoms": ["auth_failure_surge"]}

--- 阶段 5: verdict (verdict) ---
  产出: {"symptoms": ["auth_failure_surge"], "verdict": {"root_cause": "attack", "confidence": 0.85, "claim_ref": "1704fdf2c54f28d1"}}

--- 阶段 6: planner (plan) ---
  产出: {"symptoms": ["auth_failure_surge"], "verdict": {"root_cause": "attack", "confidence": 0.85, "claim_ref": "1704fdf2c54f28d1"}, "plan": {"root_cause": "attack", "data_leak_risk": true, "actions": [{"type": "isolate_host", "target": "web-01", "scope": "host", "risk_level": "L4", "need_human": true, "blast_radius": "host", "affected": ["web-01"], "hits_tier0": false, "treatment": "approval"}, {"type": "block_domain", "target": "evil.com", "scope": "global", "risk_level": "L4", "need_human": true, "

--- 阶段 7: executor (execute) ---
    [人审 soc-lead] 高危动作 isolate_host(L4) → 通过(演示)
    [人审 soc-lead] 高危动作 block_domain(L4) → 通过(演示)
    [人审 soc-lead] 高危动作 block_ip(L4) → 通过(演示)
  产出: {"symptoms": ["auth_failure_surge"], "verdict": {"root_cause": "attack", "confidence": 0.85, "claim_ref": "1704fdf2c54f28d1"}, "plan": {"root_cause": "attack", "data_leak_risk": true, "actions": [{"type": "isolate_host", "target": "web-01", "scope": "host", "risk_level": "L4", "need_human": true, "blast_radius": "host", "affected": ["web-01"], "hits_tier0": false, "treatment": "approval"}, {"type": "block_domain", "target": "evil.com", "scope": "global", "risk_level": "L4", "need_human": true, "

--- 阶段 8: closer (close) ---
  产出: {"symptoms": ["auth_failure_surge"], "verdict": {"root_cause": "attack", "confidence": 0.85, "claim_ref": "1704fdf2c54f28d1"}, "plan": {"root_cause": "attack", "data_leak_risk": true, "actions": [{"type": "isolate_host", "target": "web-01", "scope": "host", "risk_level": "L4", "need_human": true, "blast_radius": "host", "affected": ["web-01"], "hits_tier0": false, "treatment": "approval"}, {"type": "block_domain", "target": "evil.com", "scope": "global", "risk_level": "L4", "need_human": true, "

=== 评测指标（脚本产出）===
{
  "mttr_sec": 0.001,
  "containment_rate": 1.0,
  "resolved": true,
  "actions_total": 3,
  "actions_done": 3
}

=== TEL 防篡改账本（审计证据）===
  #1 1704fdf2c54f28d1 <- verdict_claim
  #2 ddfab77f7b668ee0 <- compliance_notify
  #3 e505f28adb1ce5f8 <- execution_rollback_point
  #4 e054a37d99e31d23 <- lesson

=== 协同轨迹（谁->谁）===
  leader -> leader [dispatch]
  leader -> triage [triage]
  leader -> hunter [forensic]
  leader -> correlator [correlate]
  leader -> verdict [verdict]
  leader -> planner [plan]
  leader -> executor [execute]
  leader -> closer [close]

=== 最终 Case State ===
{
  "case_id": "CASE-001",
  "hypotheses": [
    {
      "type": "attack",
      "confidence": 0.85
    }
  ],
  "routing": "dispatched: triage→hunter→correlator→verdict→planner→executor→closer",
  "symptoms": [
    "auth_failure_surge"
  ],
  "entities": {
    "host": [
      "db-02",
      "dc-01",
      "web-01"
    ],
    "actor": [
      "svc_acct"
    ],
    "ip": [
      "10.0.0.5"
    ],
    "profile": {
      "name": "unknown"
    }
  },
  "evidence": {
    "evidence_snapshots": [
      {
        "hyp_type": "attack",
        "ref": "snap-attack-1"
      }
    ],
    "missing": []
  },
  "verdict": {
    "root_cause": "attack",
    "confidence": 0.85,
    "claim_ref": "1704fdf2c54f28d1"
  },
  "plan": {
    "root_cause": "attack",
    "data_leak_risk": true,
    "actions": [
      {
        "type": "isolate_host",
        "target": "web-01",
        "scope": "host",
        "risk_level": "L4",
        "need_human": true,
        "blast_radius": "host",
        "affected": [
          "web-01"
        ],
        "hits_tier0": false,
        "treatment": "approval"
      },
      {
        "type": "block_domain",
        "target": "evil.com",
        "scope": "global",
        "risk_level": "L4",
        "need_human": true,
        "blast_radius": "global",
        "affected": [
          "ALL under evil.com"
        ],
        "hits_tier0": false,
        "treatment": "approval"
      },
      {
        "type": "block_ip",
        "target": "dc-01",
        "scope": "host",
        "risk_level": "L4",
        "need_human": true,
        "blast_radius": "host",
        "affected": [
          "dc-01"
        ],
        "hits_tier0": true,
        "treatment": "approval"
      }
    ],
    "rollback_point": "snap-before-attack",
    "rollout": "分级处置：L0自动 / L1灰度 / L2审批 / L3只建议 / L4强制人审"
  },
  "execution": {
    "status": "done",
    "actions": [
      {
        "type": "isolate_host",
        "target": "web-01",
        "status": "done(fallback)",
        "via": "SIEM/NDR-fallback",
        "risk_level": "L4",
        "blast": "host"
      },
      {
        "type": "block_domain",
        "target": "evil.com",
        "scope": "global",
        "status": "done(Mock网关)",
        "via": "WAF/API",
        "risk_level": "L4",
        "blast": "global"
      },
      {
        "type": "block_ip",
        "target": "dc-01",
        "scope": "host",
        "status": "done(Mock网关)",
        "via": "WAF/API",
        "risk_level": "L4",
        "blast": "host"
      }
    ],
    "compliance_ticket": "ddfab77f7b668ee0",
    "rollback_tel": "e505f28adb1ce5f8"
  },
  "closure": {
    "resolved": true,
    "gaps": [],
    "lesson_ref": "e054a37d99e31d23"
  }
}
